  Determining projects to restore...
  All projects are up-to-date for restore.
C:\Users\pc\source\repos\Hrmanagment2\HRMANGMANGMENT\Data\ConnectionTester.cs(44,29): warning CS8605: Unboxing a possibly null value. [C:\Users\pc\source\repos\Hrmanagment2\HRMANGMANGMENT\HRMANGMANGMENT.csproj]
C:\Users\pc\source\repos\Hrmanagment2\HRMANGMANGMENT\Services\ExceptionService.cs(123,35): warning CS8605: Unboxing a possibly null value. [C:\Users\pc\source\repos\Hrmanagment2\HRMANGMANGMENT\HRMANGMANGMENT.csproj]
C:\Users\pc\source\repos\Hrmanagment2\HRMANGMANGMENT\Services\ExceptionService.cs(193,29): warning CS8605: Unboxing a possibly null value. [C:\Users\pc\source\repos\Hrmanagment2\HRMANGMANGMENT\HRMANGMANGMENT.csproj]
C:\Users\pc\source\repos\Hrmanagment2\HRMANGMANGMENT\Views\Account\Register.cshtml(554,51): warning CS8602: Dereference of a possibly null reference. [C:\Users\pc\source\repos\Hrmanagment2\HRMANGMANGMENT\HRMANGMANGMENT.csproj]
C:\Users\pc\source\repos\Hrmanagment2\HRMANGMANGMENT\Views\Attendance\Dashboard.cshtml(269,10): error CS0103: The name 'keyframes' does not exist in the current context [C:\Users\pc\source\repos\Hrmanagment2\HRMANGMANGMENT\HRMANGMANGMENT.csproj]
C:\Users\pc\source\repos\Hrmanagment2\HRMANGMANGMENT\Views\Employee\Create.cshtml(139,55): warning CS8602: Dereference of a possibly null reference. [C:\Users\pc\source\repos\Hrmanagment2\HRMANGMANGMENT\HRMANGMANGMENT.csproj]

Build FAILED.

C:\Users\pc\source\repos\Hrmanagment2\HRMANGMANGMENT\Data\ConnectionTester.cs(44,29): warning CS8605: Unboxing a possibly null value. [C:\Users\pc\source\repos\Hrmanagment2\HRMANGMANGMENT\HRMANGMANGMENT.csproj]
C:\Users\pc\source\repos\Hrmanagment2\HRMANGMANGMENT\Services\ExceptionService.cs(123,35): warning CS8605: Unboxing a possibly null value. [C:\Users\pc\source\repos\Hrmanagment2\HRMANGMANGMENT\HRMANGMANGMENT.csproj]
C:\Users\pc\source\repos\Hrmanagment2\HRMANGMANGMENT\Services\ExceptionService.cs(193,29): warning CS8605: Unboxing a possibly null value. [C:\Users\pc\source\repos\Hrmanagment2\HRMANGMANGMENT\HRMANGMANGMENT.csproj]
C:\Users\pc\source\repos\Hrmanagment2\HRMANGMANGMENT\Views\Account\Register.cshtml(554,51): warning CS8602: Dereference of a possibly null reference. [C:\Users\pc\source\repos\Hrmanagment2\HRMANGMANGMENT\HRMANGMANGMENT.csproj]
C:\Users\pc\source\repos\Hrmanagment2\HRMANGMANGMENT\Views\Employee\Create.cshtml(139,55): warning CS8602: Dereference of a possibly null reference. [C:\Users\pc\source\repos\Hrmanagment2\HRMANGMANGMENT\HRMANGMANGMENT.csproj]
C:\Users\pc\source\repos\Hrmanagment2\HRMANGMANGMENT\Views\Attendance\Dashboard.cshtml(269,10): error CS0103: The name 'keyframes' does not exist in the current context [C:\Users\pc\source\repos\Hrmanagment2\HRMANGMANGMENT\HRMANGMANGMENT.csproj]
    5 Warning(s)
    1 Error(s)

Time Elapsed 00:00:02.14
